[2026-08-19 18:58:41] [SYSTEM_START] AI 쓰레기 분리배출 자율주행 스마트 로봇 실행 (v4.0)
[2026-08-19 18:59:28] [SYSTEM_START] AI 쓰레기 분리배출 자율주행 스마트 로봇 실행 (v4.0)
[2026-08-19 19:00:00] [WAYPOINT_SAVED] 위치 북마크 저장 완료: '종이' (7단계) | {"path": "C:\\Users\\User\\Desktop\\hamster\\routes\\20260819\\종이.json", "master_path": "C:\\Users\\User\\Desktop\\hamster\\routes\\waypoints.json"}
[2026-08-19 19:00:21] [CAPTURE_SAVED] 이미지 자동 캡처 파티셔닝 저장: 20260819_190021_종이.jpg
[2026-08-19 19:00:21] [SORTING_START] 분리배출 확정 시퀀스 시작: '종이' (신뢰도: 0.88)
[2026-08-19 19:00:24] [WAYPOINT_RECALL] 이름 기반 위치 호출 성공: '종이'
[2026-08-19 19:00:24] [AUTONOMOUS_NAV] 이름 기반 북마크 '종이' 자율주행 실행 (7단계)
[2026-08-19 19:00:40] [OBSTACLE_DETECTED] 전방 장애물 탐지 (좌:37, 우:36) -> 회피 우회 시작
[2026-08-19 19:00:54] [SYSTEM_STOP] 프로그램 정상 종료
[2026-08-19 19:03:04] [SYSTEM_START] AI 쓰레기 분리배출 자율주행 스마트 로봇 실행 (v4.0)
[2026-08-19 19:03:37] [WAYPOINT_SAVED] 다중 북마크 저장 완료: '종이' (5단계 오차보정 적용) | {"partition": "C:\\Users\\User\\Desktop\\hamster\\routes\\20260819\\종이.json"}
[2026-08-19 19:03:57] [CAPTURE_SAVED] 이미지 자동 캡처 파티셔닝 저장: 20260819_190357_종이.jpg
[2026-08-19 19:03:57] [SORTING_START] 분리배출 확정 시퀀스 시작: '종이' (신뢰도: 0.99)
[2026-08-19 19:04:00] [WAYPOINT_RECALL] 이름 기반 위치 호출: '종이'
[2026-08-19 19:04:00] [AUTONOMOUS_NAV] 이름 기반 북마크 '종이' 자율주행 실행 (5단계)
[2026-08-19 19:04:02] [OBSTACLE_DETECTED] 전방 장애물 탐지 (좌:36, 우:2) -> 회피 우회 시작
[2026-08-19 19:04:11] [OBSTACLE_DETECTED] 전방 장애물 탐지 (좌:17, 우:37) -> 회피 우회 시작
[2026-08-19 19:04:14] [SYSTEM_STOP] 프로그램 정상 종료
[2026-08-19 20:20:41] [WAYPOINT_SAVED] 슬롯 [1] '종이' 위치 저장 완료 (5단계) | {"partition": "C:\\Users\\User\\Desktop\\hamster\\routes\\20260819\\1_종이.json"}
[2026-08-19 20:21:10] [WAYPOINT_SAVED] 슬롯 [1] '종이' 위치 저장 완료 (1단계) | {"partition": "C:\\Users\\User\\Desktop\\hamster\\routes\\20260819\\1_종이.json"}
[2026-08-19 20:21:45] [WAYPOINT_SAVED] 슬롯 [2] '종이팩' 위치 저장 완료 (5단계) | {"partition": "C:\\Users\\User\\Desktop\\hamster\\routes\\20260819\\2_종이팩.json"}
[2026-08-19 20:22:09] [WAYPOINT_SAVED] 슬롯 [1] '종이' 위치 저장 완료 (1단계) | {"partition": "C:\\Users\\User\\Desktop\\hamster\\routes\\20260819\\1_종이.json"}
[2026-08-19 20:22:50] [WAYPOINT_SAVED] 슬롯 [3] '플라스틱/페트병' 위치 저장 완료 (5단계) | {"partition": "C:\\Users\\User\\Desktop\\hamster\\routes\\20260819\\3_플라스틱_페트병.json"}
[2026-08-19 20:23:23] [WAYPOINT_SAVED] 슬롯 [1] '종이' 위치 저장 완료 (1단계) | {"partition": "C:\\Users\\User\\Desktop\\hamster\\routes\\20260819\\1_종이.json"}
[2026-08-19 20:24:00] [WAYPOINT_SAVED] 슬롯 [3] '플라스틱/페트병' 위치 저장 완료 (5단계) | {"partition": "C:\\Users\\User\\Desktop\\hamster\\routes\\20260819\\3_플라스틱_페트병.json"}
[2026-08-19 20:24:29] [WAYPOINT_SAVED] 슬롯 [1] '종이' 위치 저장 완료 (1단계) | {"partition": "C:\\Users\\User\\Desktop\\hamster\\routes\\20260819\\1_종이.json"}
[2026-08-19 20:25:18] [WAYPOINT_SAVED] 슬롯 [4] '캔' 위치 저장 완료 (11단계) | {"partition": "C:\\Users\\User\\Desktop\\hamster\\routes\\20260819\\4_캔.json"}
[2026-08-19 20:35:52] [SYSTEM_START] AI 쓰레기 4종 지정 슬롯 스마트 자율주행 실행 (v4.3 유리병 제거)
[2026-08-19 20:36:10] [WAYPOINT_SAVED] 슬롯 [1] '종이' 위치 저장 완료 (1단계) | {"partition": "C:\\Users\\User\\Desktop\\hamster\\routes\\20260819\\1_종이.json"}
[2026-08-19 20:36:15] [CAPTURE_SAVED] 이미지 자동 캡처 파티셔닝 저장: 20260819_203615_종이.jpg
[2026-08-19 20:36:15] [SORTING_START] 분리배출 확정 시퀀스 시작: '종이' (신뢰도: 0.90)
[2026-08-19 20:36:15] [SYSTEM_STOP] 프로그램 정상 종료
[2026-08-19 20:37:41] [SYSTEM_START] AI 쓰레기 4종 지정 슬롯 스마트 자율주행 실행 (v4.4 상태 대시보드 HUD)
[2026-08-19 20:38:03] [SESSION] 기존 4종 위치 슬롯 유지
[2026-08-19 20:38:08] [CAPTURE_SAVED] 이미지 자동 캡처 파티셔닝 저장: 20260819_203808_종이.jpg
[2026-08-19 20:38:08] [SORTING_START] 분리배출 확정 시퀀스 시작: '종이' (신뢰도: 0.84)
[2026-08-19 20:38:10] [AUTONOMOUS_NAV] 슬롯 [1] '종이' 자율주행 실행 (1단계)
[2026-08-19 20:38:12] [SORTING_COMPLETE] 분리배출 및 복귀 완료: [1번 종이]
[2026-08-19 20:38:12] [CAPTURE_SAVED] 이미지 자동 캡처 파티셔닝 저장: 20260819_203812_종이.jpg
[2026-08-19 20:38:12] [SORTING_START] 분리배출 확정 시퀀스 시작: '종이' (신뢰도: 0.88)
[2026-08-19 20:38:13] [SYSTEM_STOP] 프로그램 정상 종료
[2026-08-19 20:38:17] [SYSTEM_START] AI 쓰레기 4종 지정 슬롯 스마트 자율주행 실행 (v4.4 상태 대시보드 HUD)
[2026-08-19 20:38:34] [WAYPOINT_SAVED] 슬롯 [1] '종이' 위치 저장 완료 (1단계) | {"partition": "C:\\Users\\User\\Desktop\\hamster\\routes\\20260819\\1_종이.json"}
[2026-08-19 20:38:39] [CAPTURE_SAVED] 이미지 자동 캡처 파티셔닝 저장: 20260819_203839_종이.jpg
[2026-08-19 20:38:39] [SORTING_START] 분리배출 확정 시퀀스 시작: '종이' (신뢰도: 0.84)
[2026-08-19 20:38:41] [AUTONOMOUS_NAV] 슬롯 [1] '종이' 자율주행 실행 (1단계)
[2026-08-19 20:38:43] [SORTING_COMPLETE] 분리배출 및 복귀 완료: [1번 종이]
[2026-08-19 20:38:43] [CAPTURE_SAVED] 이미지 자동 캡처 파티셔닝 저장: 20260819_203843_종이.jpg
[2026-08-19 20:38:43] [SORTING_START] 분리배출 확정 시퀀스 시작: '종이' (신뢰도: 0.96)
[2026-08-19 20:38:46] [AUTONOMOUS_NAV] 슬롯 [1] '종이' 자율주행 실행 (1단계)
[2026-08-19 20:38:47] [SORTING_COMPLETE] 분리배출 및 복귀 완료: [1번 종이]
[2026-08-19 20:38:48] [CAPTURE_SAVED] 이미지 자동 캡처 파티셔닝 저장: 20260819_203848_종이.jpg
[2026-08-19 20:38:48] [SORTING_START] 분리배출 확정 시퀀스 시작: '종이' (신뢰도: 0.95)
[2026-08-19 20:38:50] [AUTONOMOUS_NAV] 슬롯 [1] '종이' 자율주행 실행 (1단계)
[2026-08-19 20:38:52] [SORTING_COMPLETE] 분리배출 및 복귀 완료: [1번 종이]
[2026-08-19 20:38:52] [CAPTURE_SAVED] 이미지 자동 캡처 파티셔닝 저장: 20260819_203852_종이.jpg
[2026-08-19 20:38:52] [SORTING_START] 분리배출 확정 시퀀스 시작: '종이' (신뢰도: 0.86)
[2026-08-19 20:38:55] [AUTONOMOUS_NAV] 슬롯 [1] '종이' 자율주행 실행 (1단계)
[2026-08-19 20:38:56] [SORTING_COMPLETE] 분리배출 및 복귀 완료: [1번 종이]
[2026-08-19 20:38:57] [SYSTEM_STOP] 프로그램 정상 종료
[2026-08-19 20:39:32] [SYSTEM_START] AI 쓰레기 4종 지정 슬롯 스마트 자율주행 실행 (v4.5 대화형 번호 저장)
[2026-08-19 20:40:18] [WAYPOINT_SAVED] 슬롯 [1] '종이' 위치 저장 완료 (7단계) | {"partition": "C:\\Users\\User\\Desktop\\hamster\\routes\\20260819\\1_종이.json"}
[2026-08-19 20:41:16] [WAYPOINT_SAVED] 슬롯 [1] '종이' 위치 저장 완료 (5단계) | {"partition": "C:\\Users\\User\\Desktop\\hamster\\routes\\20260819\\1_종이.json"}
[2026-08-19 20:48:42] [SYSTEM_START] AI 쓰레기 4종 지정 슬롯 자율주행 실행 (v4.6 Zero-Slip V6.3 정밀복귀)
[2026-08-19 20:49:18] [WAYPOINT_SAVED] 슬롯 [1] '종이' 위치 저장 완료 (5단계 V6.3 오차보정) | {"partition": "C:\\Users\\User\\Desktop\\hamster\\routes\\20260819\\1_종이.json"}
[2026-08-19 20:51:59] [SYSTEM_START] AI 쓰레기 4종 지정 슬롯 자율주행 실행 (v4.7 오차 0.00cm 정밀복귀)
[2026-08-19 20:52:40] [WAYPOINT_SAVED] 슬롯 [1] '종이' 위치 저장 완료 (5단계 오차보정) | {"partition": "C:\\Users\\User\\Desktop\\hamster\\routes\\20260819\\1_종이.json"}
[2026-08-19 20:53:06] [CAPTURE_SAVED] 이미지 자동 캡처 파티셔닝 저장: 20260819_205306_종이.jpg
[2026-08-19 20:53:06] [SORTING_START] 분리배출 확정 시퀀스 시작: '종이' (신뢰도: 0.91)
[2026-08-19 20:53:08] [AUTONOMOUS_NAV] 슬롯 [1] '종이' 자율주행 실행 (5단계)
[2026-08-19 20:53:12] [OBSTACLE_DETECTED] 전방 장애물 탐지 (좌:36, 우:17) -> 회피 우회 시작
[2026-08-19 20:53:15] [OBSTACLE_DETECTED] 전방 장애물 탐지 (좌:69, 우:28) -> 회피 우회 시작
[2026-08-19 20:53:21] [OBSTACLE_DETECTED] 전방 장애물 탐지 (좌:36, 우:22) -> 회피 우회 시작
[2026-08-19 20:53:23] [SYSTEM_STOP] 프로그램 정상 종료
[2026-08-19 20:59:38] [SYSTEM_START] AI 쓰레기 4종 지정 슬롯 자율주행 실행 (v4.7 오차 0.00cm 정밀복귀)
[2026-08-19 21:00:19] [WAYPOINT_SAVED] 슬롯 [1] '종이' 위치 저장 완료 (5단계 오차보정) | {"partition": "C:\\Users\\User\\Desktop\\hamster\\routes\\20260819\\1_종이.json"}
[2026-08-19 21:00:43] [CAPTURE_SAVED] 이미지 자동 캡처 파티셔닝 저장: 20260819_210043_종이팩.jpg
[2026-08-19 21:00:43] [SORTING_START] 분리배출 확정 시퀀스 시작: '종이팩' (신뢰도: 0.81)
[2026-08-19 21:00:45] [AUTONOMOUS_NAV] 슬롯 [2] '종이팩' 자율주행 실행 (5단계)
[2026-08-19 21:00:46] [OBSTACLE_DETECTED] 전방 장애물 탐지 (좌:36, 우:14) -> 회피 우회 시작
[2026-08-19 21:00:48] [OBSTACLE_DETECTED] 전방 장애물 탐지 (좌:44, 우:10) -> 회피 우회 시작
[2026-08-19 21:00:52] [OBSTACLE_DETECTED] 전방 장애물 탐지 (좌:0, 우:50) -> 회피 우회 시작
[2026-08-19 21:00:55] [OBSTACLE_DETECTED] 전방 장애물 탐지 (좌:0, 우:50) -> 회피 우회 시작
[2026-08-19 21:00:56] [SYSTEM_STOP] 프로그램 정상 종료
[2026-08-19 21:06:37] [SYSTEM_START] AI 쓰레기 4종 지정 슬롯 자율주행 실행 (v4.7 오차 0.00cm 정밀복귀)
[2026-08-19 21:07:22] [WAYPOINT_SAVED] 슬롯 [1] '종이' 위치 저장 완료 (5단계 오차보정) | {"partition": "C:\\Users\\User\\Desktop\\hamster\\routes\\20260819\\1_종이.json"}
[2026-08-19 21:08:18] [WAYPOINT_SAVED] 슬롯 [2] '종이팩' 위치 저장 완료 (6단계 오차보정) | {"partition": "C:\\Users\\User\\Desktop\\hamster\\routes\\20260819\\2_종이팩.json"}
[2026-08-19 21:09:04] [SYSTEM_STOP] 프로그램 정상 종료
[2026-08-19 21:14:23] [SYSTEM_START] AI 쓰레기 4종 지정 슬롯 자율주행 실행 (v4.8 키 누름 잔상 스킵 방지)
[2026-08-19 21:16:50] [WAYPOINT_SAVED] 슬롯 [1] '종이' 위치 저장 완료 (5단계 오차보정) | {"partition": "C:\\Users\\User\\Desktop\\hamster\\routes\\20260819\\1_종이.json"}
[2026-08-19 21:17:16] [CAPTURE_SAVED] 이미지 자동 캡처 파티셔닝 저장: 20260819_211716_종이팩.jpg
[2026-08-19 21:17:16] [SORTING_START] 분리배출 확정 시퀀스 시작: '종이팩' (신뢰도: 0.92)
[2026-08-19 21:17:18] [AUTONOMOUS_NAV] 슬롯 [2] '종이팩' 자율주행 실행 (6단계)
[2026-08-19 21:17:19] [SYSTEM_STOP] 프로그램 정상 종료
[2026-08-19 21:17:26] [SYSTEM_START] AI 쓰레기 4종 지정 슬롯 자율주행 실행 (v4.8 키 누름 잔상 스킵 방지)
[2026-08-19 21:18:29] [WAYPOINT_SAVED] 슬롯 [1] '종이' 위치 저장 완료 (5단계 오차보정) | {"partition": "C:\\Users\\User\\Desktop\\hamster\\routes\\20260819\\1_종이.json"}
[2026-08-19 21:20:48] [SYSTEM_START] AI 쓰레기 4종 지정 슬롯 자율주행 실행 (v4.8 키 누름 잔상 스킵 방지)
[2026-08-19 21:21:34] [WAYPOINT_SAVED] 슬롯 [1] '종이' 위치 저장 완료 (5단계 오차보정) | {"partition": "C:\\Users\\User\\Desktop\\hamster\\routes\\20260819\\1_종이.json"}
[2026-08-19 21:22:02] [CAPTURE_SAVED] 이미지 자동 캡처 파티셔닝 저장: 20260819_212202_종이팩.jpg
[2026-08-19 21:22:02] [SORTING_START] 분리배출 확정 시퀀스 시작: '종이팩' (신뢰도: 0.87)
[2026-08-19 21:22:02] [SYSTEM_STOP] 프로그램 정상 종료
[2026-08-19 21:23:21] [SYSTEM_START] AI 쓰레기 4종 지정 슬롯 자율주행 실행 (v4.9 콘솔 버퍼 자동 스킵 방지)
[2026-08-19 21:24:05] [WAYPOINT_SAVED] 슬롯 [1] '종이' 위치 저장 완료 (5단계 오차보정) | {"partition": "C:\\Users\\User\\Desktop\\hamster\\routes\\20260819\\1_종이.json"}
[2026-08-19 21:25:13] [WAYPOINT_SAVED] 슬롯 [2] '종이팩' 위치 저장 완료 (1단계 오차보정) | {"partition": "C:\\Users\\User\\Desktop\\hamster\\routes\\20260819\\2_종이팩.json"}
[2026-08-19 21:25:40] [WAYPOINT_SAVED] 슬롯 [2] '종이팩' 위치 저장 완료 (6단계 오차보정) | {"partition": "C:\\Users\\User\\Desktop\\hamster\\routes\\20260819\\2_종이팩.json"}
[2026-08-19 21:26:49] [WAYPOINT_SAVED] 슬롯 [3] '플라스틱/페트병' 위치 저장 완료 (11단계 오차보정) | {"partition": "C:\\Users\\User\\Desktop\\hamster\\routes\\20260819\\3_플라스틱_페트병.json"}
[2026-08-19 21:28:13] [WAYPOINT_SAVED] 슬롯 [3] '플라스틱/페트병' 위치 저장 완료 (6단계 오차보정) | {"partition": "C:\\Users\\User\\Desktop\\hamster\\routes\\20260819\\3_플라스틱_페트병.json"}
[2026-08-19 21:29:24] [WAYPOINT_SAVED] 슬롯 [3] '플라스틱/페트병' 위치 저장 완료 (3단계 오차보정) | {"partition": "C:\\Users\\User\\Desktop\\hamster\\routes\\20260819\\3_플라스틱_페트병.json"}
[2026-08-19 21:30:50] [SYSTEM_START] AI 쓰레기 4종 지정 슬롯 자율주행 실행 (v4.9 콘솔 버퍼 자동 스킵 방지)
[2026-08-19 21:31:47] [WAYPOINT_SAVED] 슬롯 [3] '플라스틱/페트병' 위치 저장 완료 (11단계 오차보정) | {"partition": "C:\\Users\\User\\Desktop\\hamster\\routes\\20260819\\3_플라스틱_페트병.json"}
[2026-08-19 21:32:53] [WAYPOINT_SAVED] 슬롯 [1] '종이' 위치 저장 완료 (5단계 오차보정) | {"partition": "C:\\Users\\User\\Desktop\\hamster\\routes\\20260819\\1_종이.json"}
[2026-08-19 21:33:49] [WAYPOINT_SAVED] 슬롯 [2] '종이팩' 위치 저장 완료 (5단계 오차보정) | {"partition": "C:\\Users\\User\\Desktop\\hamster\\routes\\20260819\\2_종이팩.json"}
[2026-08-19 21:35:22] [WAYPOINT_SAVED] 슬롯 [4] '캔' 위치 저장 완료 (11단계 오차보정) | {"partition": "C:\\Users\\User\\Desktop\\hamster\\routes\\20260819\\4_캔.json"}
[2026-08-19 21:36:03] [CAPTURE_SAVED] 이미지 자동 캡처 파티셔닝 저장: 20260819_213603_종이팩.jpg
[2026-08-19 21:36:03] [SORTING_START] 분리배출 확정 시퀀스 시작: '종이팩' (신뢰도: 0.86)
[2026-08-19 21:36:05] [AUTONOMOUS_NAV] 슬롯 [2] '종이팩' 자율주행 실행 (5단계)
[2026-08-19 21:36:13] [OBSTACLE_DETECTED] 전방 장애물 탐지 (좌:66, 우:0) -> 회피 우회 시작
[2026-08-19 21:36:27] [SYSTEM_STOP] 프로그램 정상 종료
[2026-08-19 21:38:29] [SYSTEM_START] AI 쓰레기 4종 지정 슬롯 자율주행 실행 (v5.0 단일패스 HUD)
[2026-08-19 21:39:07] [WAYPOINT_SAVED] 슬롯 [1] '종이' 위치 저장 완료 (5단계 오차보정) | {"partition": "C:\\Users\\User\\Desktop\\hamster\\routes\\20260819\\1_종이.json"}
[2026-08-19 21:39:46] [SYSTEM_START] AI 쓰레기 4종 지정 슬롯 자율주행 실행 (v5.0 단일패스 HUD)
[2026-08-19 21:40:46] [WAYPOINT_SAVED] 슬롯 [1] '종이' 위치 저장 완료 (5단계 오차보정) | {"partition": "C:\\Users\\User\\Desktop\\hamster\\routes\\20260819\\1_종이.json"}
[2026-08-19 21:42:21] [SYSTEM_START] AI 쓰레기 4종 지정 슬롯 자율주행 실행 (v5.0 단일패스 HUD)
[2026-08-19 21:43:01] [WAYPOINT_SAVED] 슬롯 [1] '종이' 위치 저장 완료 (5단계 오차보정) | {"partition": "C:\\Users\\User\\Desktop\\hamster\\routes\\20260819\\1_종이.json"}
[2026-08-19 21:43:45] [SYSTEM_START] AI 쓰레기 4종 지정 슬롯 자율주행 실행 (v5.0 단일패스 HUD)
[2026-08-19 21:44:36] [WAYPOINT_SAVED] 슬롯 [1] '종이' 위치 저장 완료 (5단계 오차보정) | {"partition": "C:\\Users\\User\\Desktop\\hamster\\routes\\20260819\\1_종이.json"}
[2026-08-19 21:46:12] [SYSTEM_START] AI 쓰레기 4종 지정 슬롯 자율주행 실행 (v5.0 단일패스 HUD)
[2026-08-19 21:46:57] [WAYPOINT_SAVED] 슬롯 [1] '종이' 위치 저장 완료 (9단계 오차보정) | {"partition": "C:\\Users\\User\\Desktop\\hamster\\routes\\20260819\\1_종이.json"}
[2026-08-19 21:48:30] [CAPTURE_SAVED] 이미지 자동 캡처 파티셔닝 저장: 20260819_214830_종이.jpg
[2026-08-19 21:48:30] [SORTING_START] 분리배출 확정 시퀀스 시작: '종이' (신뢰도: 0.82)
[2026-08-19 21:48:32] [AUTONOMOUS_NAV] 슬롯 [1] '종이' 자율주행 실행 (9단계)
[2026-08-19 21:48:39] [OBSTACLE_DETECTED] 전방 장애물 탐지 (좌:0, 우:53) -> 회피 우회 시작
[2026-08-19 21:48:44] [OBSTACLE_DETECTED] 전방 장애물 탐지 (좌:6, 우:37) -> 회피 우회 시작
[2026-08-19 21:48:46] [OBSTACLE_DETECTED] 전방 장애물 탐지 (좌:2, 우:38) -> 회피 우회 시작
[2026-08-19 21:48:49] [OBSTACLE_DETECTED] 전방 장애물 탐지 (좌:81, 우:84) -> 회피 우회 시작
[2026-08-19 21:48:51] [OBSTACLE_DETECTED] 전방 장애물 탐지 (좌:68, 우:81) -> 회피 우회 시작
[2026-08-19 21:49:12] [SORTING_COMPLETE] 분리배출 및 복귀 완료: [1번 종이]
[2026-08-19 21:49:18] [CAPTURE_SAVED] 이미지 자동 캡처 파티셔닝 저장: 20260819_214918_종이.jpg
[2026-08-19 21:49:18] [SORTING_START] 분리배출 확정 시퀀스 시작: '종이' (신뢰도: 0.95)
[2026-08-19 21:49:20] [AUTONOMOUS_NAV] 슬롯 [1] '종이' 자율주행 실행 (9단계)
[2026-08-19 21:49:23] [OBSTACLE_DETECTED] 전방 장애물 탐지 (좌:16, 우:40) -> 회피 우회 시작
[2026-08-19 21:49:27] [OBSTACLE_DETECTED] 전방 장애물 탐지 (좌:64, 우:54) -> 회피 우회 시작
[2026-08-19 21:49:31] [OBSTACLE_DETECTED] 전방 장애물 탐지 (좌:37, 우:8) -> 회피 우회 시작
[2026-08-19 21:49:38] [OBSTACLE_DETECTED] 전방 장애물 탐지 (좌:46, 우:18) -> 회피 우회 시작
[2026-08-19 21:49:42] [SYSTEM_STOP] 프로그램 정상 종료
[2026-08-19 21:55:16] [SYSTEM_START] AI 쓰레기 4종 사전 저장 경로 자율주행 실행 (v5.1)
[2026-08-19 21:55:39] [SYSTEM_STOP] 프로그램 정상 종료
[2026-08-19 21:55:43] [SYSTEM_START] AI 쓰레기 4종 사전 저장 경로 자율주행 실행 (v5.1)
[2026-08-19 21:56:00] [CAPTURE_SAVED] 이미지 자동 캡처 파티셔닝 저장: 20260819_215600_캔.jpg
[2026-08-19 21:56:00] [SORTING_START] 분리배출 확정 시퀀스 시작: '캔' (신뢰도: 0.88)
[2026-08-19 21:56:02] [AUTONOMOUS_NAV] 슬롯 [4] '캔' 저장된 경로 주행 시작 (11단계)
[2026-08-19 21:56:10] [SYSTEM_STOP] 프로그램 정상 종료
[2026-08-19 21:59:01] [SYSTEM_START] AI 쓰레기 4종 위치 지정 후 웹캠 시작 (v5.2)
[2026-08-19 22:17:24] [SYSTEM_START] AI 쓰레기 4종 위치 지정 후 웹캠 시작 (v5.2)
[2026-08-19 23:33:31] [SYSTEM_START] AI 쓰레기 4종 위치 지정 후 웹캠 시작 (v5.2)
[2026-08-19 23:39:25] [SYSTEM_START] AI 쓰레기 4종 위치 지정 후 웹캠 시작 (v5.2)
[2026-08-19 23:40:12] [WAYPOINT_SAVED] 슬롯 [1] '종이' 위치 저장 완료 (6단계 오차보정) | {"partition": "C:\\Users\\User\\Desktop\\hamster\\routes\\20260819\\1_종이.json"}
[2026-08-19 23:40:56] [WAYPOINT_SAVED] 슬롯 [2] '종이팩' 위치 저장 완료 (5단계 오차보정) | {"partition": "C:\\Users\\User\\Desktop\\hamster\\routes\\20260819\\2_종이팩.json"}
[2026-08-19 23:41:55] [WAYPOINT_SAVED] 슬롯 [3] '플라스틱/페트병' 위치 저장 완료 (14단계 오차보정) | {"partition": "C:\\Users\\User\\Desktop\\hamster\\routes\\20260819\\3_플라스틱_페트병.json"}
[2026-08-19 23:43:08] [WAYPOINT_SAVED] 슬롯 [3] '플라스틱/페트병' 위치 저장 완료 (8단계 오차보정) | {"partition": "C:\\Users\\User\\Desktop\\hamster\\routes\\20260819\\3_플라스틱_페트병.json"}
[2026-08-19 23:44:16] [WAYPOINT_SAVED] 슬롯 [3] '플라스틱/페트병' 위치 저장 완료 (6단계 오차보정) | {"partition": "C:\\Users\\User\\Desktop\\hamster\\routes\\20260819\\3_플라스틱_페트병.json"}
[2026-08-19 23:45:25] [WAYPOINT_SAVED] 슬롯 [4] '캔' 위치 저장 완료 (5단계 오차보정) | {"partition": "C:\\Users\\User\\Desktop\\hamster\\routes\\20260819\\4_캔.json"}
[2026-08-19 23:59:48] [SYSTEM_START] AI 쓰레기 4종 위치 지정 후 웹캠 시작 (v5.2)
[2026-08-20 00:00:18] [SYSTEM_STOP] 프로그램 정상 종료
[2026-08-20 00:01:25] [SYSTEM_START] AI 쓰레기 4종 위치 지정 후 웹캠 시작 (v5.2)
[2026-08-20 00:03:09] [WAYPOINT_SAVED] 슬롯 [1] '종이' 위치 저장 완료 (6단계 오차보정) | {"partition": "C:\\Users\\User\\Desktop\\hamster\\routes\\20260820\\1_종이.json"}
[2026-08-20 00:03:56] [WAYPOINT_SAVED] 슬롯 [2] '종이팩' 위치 저장 완료 (6단계 오차보정) | {"partition": "C:\\Users\\User\\Desktop\\hamster\\routes\\20260820\\2_종이팩.json"}
[2026-08-20 00:04:48] [WAYPOINT_SAVED] 슬롯 [3] '플라스틱/페트병' 위치 저장 완료 (8단계 오차보정) | {"partition": "C:\\Users\\User\\Desktop\\hamster\\routes\\20260820\\3_플라스틱_페트병.json"}
[2026-08-20 00:08:45] [SYSTEM_START] AI 쓰레기 4종 위치 지정 후 웹캠 시작 (v6.1 키보드 집게제어)
[2026-08-20 00:11:55] [WAYPOINT_SAVED] 슬롯 [1] '종이' 위치 저장 완료 (16단계 오차보정) | {"partition": "C:\\Users\\User\\Desktop\\hamster\\routes\\20260820\\1_종이.json"}
[2026-08-20 07:17:01] [SYSTEM_START] AI 쓰레기 4종 위치 지정 후 웹캠 시작 (v6.1 키보드 집게제어)
[2026-08-20 07:18:44] [SYSTEM_START] AI 쓰레기 4종 위치 지정 후 웹캠 시작 (v6.1 키보드 집게제어)
[2026-08-20 07:19:10] [CAPTURE_SAVED] 이미지 자동 캡처 파티셔닝 저장: 20260820_071910_종이.jpg
[2026-08-20 07:19:10] [SORTING_START] 분리배출 확정 시퀀스 시작: '종이' (신뢰도: 0.81)
[2026-08-20 07:19:12] [AUTONOMOUS_NAV] 슬롯 [1] '종이' 지정 경로 자율주행 시작 (16단계)
[2026-08-20 07:19:47] [SORTING_COMPLETE] 분리배출 및 복귀 완료: [1번 종이]
[2026-08-20 07:19:49] [CAPTURE_SAVED] 이미지 자동 캡처 파티셔닝 저장: 20260820_071949_종이팩.jpg
[2026-08-20 07:19:49] [SORTING_START] 분리배출 확정 시퀀스 시작: '종이팩' (신뢰도: 0.89)
[2026-08-20 07:19:51] [AUTONOMOUS_NAV] 슬롯 [2] '종이팩' 지정 경로 자율주행 시작 (6단계)
[2026-08-20 07:20:24] [SORTING_COMPLETE] 분리배출 및 복귀 완료: [2번 종이팩]
[2026-08-20 07:20:26] [CAPTURE_SAVED] 이미지 자동 캡처 파티셔닝 저장: 20260820_072026_종이팩.jpg
[2026-08-20 07:20:26] [SORTING_START] 분리배출 확정 시퀀스 시작: '종이팩' (신뢰도: 0.87)
[2026-08-20 07:20:27] [AUTONOMOUS_NAV] 슬롯 [2] '종이팩' 지정 경로 자율주행 시작 (6단계)
[2026-08-20 07:21:01] [SORTING_COMPLETE] 분리배출 및 복귀 완료: [2번 종이팩]
[2026-08-20 07:21:01] [CAPTURE_SAVED] 이미지 자동 캡처 파티셔닝 저장: 20260820_072101_종이팩.jpg
[2026-08-20 07:21:01] [SORTING_START] 분리배출 확정 시퀀스 시작: '종이팩' (신뢰도: 0.90)
[2026-08-20 07:21:03] [AUTONOMOUS_NAV] 슬롯 [2] '종이팩' 지정 경로 자율주행 시작 (6단계)
[2026-08-20 07:21:10] [SYSTEM_STOP] 프로그램 정상 종료
[2026-08-20 07:21:21] [SYSTEM_START] AI 쓰레기 4종 위치 지정 후 웹캠 시작 (v6.1 키보드 집게제어)
[2026-08-20 07:21:45] [CAPTURE_SAVED] 이미지 자동 캡처 파티셔닝 저장: 20260820_072145_종이팩.jpg
[2026-08-20 07:21:45] [SORTING_START] 분리배출 확정 시퀀스 시작: '종이팩' (신뢰도: 0.92)
[2026-08-20 07:21:47] [AUTONOMOUS_NAV] 슬롯 [2] '종이팩' 지정 경로 자율주행 시작 (6단계)
[2026-08-20 07:22:20] [SORTING_COMPLETE] 분리배출 및 복귀 완료: [2번 종이팩]
[2026-08-20 07:22:21] [CAPTURE_SAVED] 이미지 자동 캡처 파티셔닝 저장: 20260820_072221_종이팩.jpg
[2026-08-20 07:22:21] [SORTING_START] 분리배출 확정 시퀀스 시작: '종이팩' (신뢰도: 0.88)
[2026-08-20 07:22:22] [AUTONOMOUS_NAV] 슬롯 [2] '종이팩' 지정 경로 자율주행 시작 (6단계)
[2026-08-20 07:22:24] [SYSTEM_STOP] 프로그램 정상 종료
[2026-08-20 07:22:59] [SYSTEM_START] AI 쓰레기 4종 위치 지정 후 웹캠 시작 (v6.1 키보드 집게제어)
[2026-08-20 07:23:16] [CAPTURE_SAVED] 이미지 자동 캡처 파티셔닝 저장: 20260820_072316_종이팩.jpg
[2026-08-20 07:23:16] [SORTING_START] 분리배출 확정 시퀀스 시작: '종이팩' (신뢰도: 0.90)
[2026-08-20 07:23:18] [AUTONOMOUS_NAV] 슬롯 [2] '종이팩' 지정 경로 자율주행 시작 (6단계)
[2026-08-20 07:23:51] [SORTING_COMPLETE] 분리배출 및 복귀 완료: [2번 종이팩]
[2026-08-20 07:23:54] [CAPTURE_SAVED] 이미지 자동 캡처 파티셔닝 저장: 20260820_072354_종이.jpg
[2026-08-20 07:23:54] [SORTING_START] 분리배출 확정 시퀀스 시작: '종이' (신뢰도: 0.96)
[2026-08-20 07:23:56] [AUTONOMOUS_NAV] 슬롯 [1] '종이' 지정 경로 자율주행 시작 (16단계)
[2026-08-20 07:24:31] [SORTING_COMPLETE] 분리배출 및 복귀 완료: [1번 종이]
[2026-08-20 07:24:32] [CAPTURE_SAVED] 이미지 자동 캡처 파티셔닝 저장: 20260820_072432_종이팩.jpg
[2026-08-20 07:24:32] [SORTING_START] 분리배출 확정 시퀀스 시작: '종이팩' (신뢰도: 0.92)
[2026-08-20 07:24:34] [AUTONOMOUS_NAV] 슬롯 [2] '종이팩' 지정 경로 자율주행 시작 (6단계)
[2026-08-20 07:25:07] [SORTING_COMPLETE] 분리배출 및 복귀 완료: [2번 종이팩]
[2026-08-20 07:25:07] [CAPTURE_SAVED] 이미지 자동 캡처 파티셔닝 저장: 20260820_072507_종이팩.jpg
[2026-08-20 07:25:07] [SORTING_START] 분리배출 확정 시퀀스 시작: '종이팩' (신뢰도: 0.94)
[2026-08-20 07:25:09] [AUTONOMOUS_NAV] 슬롯 [2] '종이팩' 지정 경로 자율주행 시작 (6단계)
[2026-08-20 07:25:22] [SYSTEM_STOP] 프로그램 정상 종료
[2026-08-20 07:26:06] [SYSTEM_START] AI 쓰레기 4종 위치 지정 후 웹캠 시작 (v6.1 키보드 집게제어)
[2026-08-20 07:27:43] [SYSTEM_START] AI 쓰레기 4종 위치 지정 후 웹캠 시작 (v6.1 키보드 집게제어)
[2026-08-20 07:28:26] [CAPTURE_SAVED] 이미지 자동 캡처 파티셔닝 저장: 20260820_072826_종이.jpg
[2026-08-20 07:28:26] [SORTING_START] 분리배출 확정 시퀀스 시작: '종이' (신뢰도: 0.90)
[2026-08-20 07:28:28] [AUTONOMOUS_NAV] 슬롯 [1] '종이' 지정 경로 자율주행 시작 (16단계)
[2026-08-20 07:28:33] [SYSTEM_STOP] 프로그램 정상 종료
[2026-08-20 18:28:38] [SYSTEM_START] AI 쓰레기 4종 위치 지정 후 웹캠 시작 (v6.2 집게접기 엔터 확인)
[2026-08-20 18:29:49] [SYSTEM_START] AI 쓰레기 4종 위치 지정 후 웹캠 시작 (v6.2 집게접기 엔터 확인)
[2026-08-20 18:31:07] [SYSTEM_START] AI 쓰레기 4종 위치 지정 후 웹캠 시작 (v6.2 집게접기 엔터 확인)
[2026-08-20 18:34:19] [WAYPOINT_SAVED] 슬롯 [1] '종이' 위치 저장 완료 (23단계 오차보정) | {"partition": "C:\\Users\\User\\Desktop\\hamster\\routes\\20260820\\1_종이.json"}
[2026-08-20 18:38:59] [SYSTEM_START] AI 쓰레기 4종 위치 지정 후 웹캠 시작 (v6.3 엣지트리거)
[2026-08-20 18:39:37] [WAYPOINT_SAVED] 슬롯 [1] '종이' 위치 저장 완료 (5단계 오차보정) | {"partition": "C:\\Users\\User\\Desktop\\hamster\\routes\\20260820\\1_종이.json"}
[2026-08-20 18:40:19] [CAPTURE_SAVED] 이미지 자동 캡처 파티셔닝 저장: 20260820_184019_종이팩.jpg
[2026-08-20 18:40:19] [SORTING_START] 분리배출 확정 시퀀스 시작: '종이팩' (신뢰도: 0.94)
[2026-08-20 18:40:26] [CAPTURE_SAVED] 이미지 자동 캡처 파티셔닝 저장: 20260820_184026_종이팩.jpg
[2026-08-20 18:40:26] [SORTING_START] 분리배출 확정 시퀀스 시작: '종이팩' (신뢰도: 1.00)
[2026-08-20 18:40:30] [AUTONOMOUS_NAV] 슬롯 [2] '종이팩' 지정 경로 자율주행 시작 (6단계)
[2026-08-20 18:40:58] [SYSTEM_STOP] 프로그램 정상 종료
[2026-08-20 18:45:03] [SYSTEM_START] AI 쓰레기 4종 4초 지속 인식 감지 자동 분리배출 (v6.4)
[2026-08-20 18:45:39] [CAPTURE_SAVED] 이미지 자동 캡처 파티셔닝 저장: 20260820_184539_종이팩.jpg
[2026-08-20 18:45:39] [SORTING_START] 자동 분리배출 운반 시퀀스 시작: '종이팩' (신뢰도: 0.96)
[2026-08-20 18:45:40] [AUTONOMOUS_NAV] 슬롯 [2] '종이팩' 지정 경로 자율주행 시작 (6단계)
[2026-08-20 18:46:14] [SORTING_COMPLETE] 분리배출 및 시작위치 복귀 완료: [2번 종이팩]
[2026-08-20 18:46:18] [SYSTEM_STOP] 프로그램 정상 종료
[2026-08-20 20:07:38] [SYSTEM_START] AI 쓰레기 4종 4초 지속 인식 감지 자동 분리배출 (v6.5 집게 펼침 대기)
[2026-08-20 20:08:30] [SYSTEM_START] AI 쓰레기 4종 4초 지속 인식 감지 자동 분리배출 (v6.5 집게 펼침 대기)
[2026-08-20 20:09:08] [WAYPOINT_SAVED] 슬롯 [1] '종이' 위치 저장 완료 (5단계 오차보정) | {"partition": "C:\\Users\\User\\Desktop\\hamster\\routes\\20260820\\1_종이.json"}
[2026-08-20 20:09:54] [WAYPOINT_SAVED] 슬롯 [2] '종이팩' 위치 저장 완료 (5단계 오차보정) | {"partition": "C:\\Users\\User\\Desktop\\hamster\\routes\\20260820\\2_종이팩.json"}
[2026-08-20 20:11:02] [WAYPOINT_SAVED] 슬롯 [3] '플라스틱/페트병' 위치 저장 완료 (6단계 오차보정) | {"partition": "C:\\Users\\User\\Desktop\\hamster\\routes\\20260820\\3_플라스틱_페트병.json"}
[2026-08-20 20:12:05] [WAYPOINT_SAVED] 슬롯 [4] '캔' 위치 저장 완료 (7단계 오차보정) | {"partition": "C:\\Users\\User\\Desktop\\hamster\\routes\\20260820\\4_캔.json"}
[2026-08-20 20:13:59] [CAPTURE_SAVED] 이미지 자동 캡처 파티셔닝 저장: 20260820_201359_캔.jpg
[2026-08-20 20:13:59] [SORTING_START] 자동 분리배출 운반 시퀀스 시작: '캔' (신뢰도: 0.86)
[2026-08-20 20:14:01] [AUTONOMOUS_NAV] 슬롯 [4] '캔' 지정 경로 자율주행 시작 (7단계)
[2026-08-20 20:14:17] [SYSTEM_STOP] 프로그램 정상 종료
[2026-08-20 20:19:48] [SYSTEM_START] AI 쓰레기 4종 인식 처음 집게 핀상태 6초 대기 ➔ 6초후 집게 오므림 ➔ 자율이동 (v6.7)
[2026-08-20 20:20:14] [CAPTURE_SAVED] 이미지 자동 캡처 파티셔닝 저장: 20260820_202014_캔.jpg
[2026-08-20 20:20:14] [SORTING_START] 6초 대기후 집게오므림 자율운반 시퀀스 시작: '캔' (신뢰도: 0.84)
[2026-08-20 20:20:22] [AUTONOMOUS_NAV] 슬롯 [4] '캔' 지정 경로 자율주행 시작 (7단계)
[2026-08-20 20:21:09] [SORTING_COMPLETE] 분리배출 및 시작위치 복귀 완료: [4번 캔]
[2026-08-20 20:21:12] [CAPTURE_SAVED] 이미지 자동 캡처 파티셔닝 저장: 20260820_202112_종이.jpg
[2026-08-20 20:21:12] [SORTING_START] 6초 대기후 집게오므림 자율운반 시퀀스 시작: '종이' (신뢰도: 0.88)
[2026-08-20 20:21:20] [AUTONOMOUS_NAV] 슬롯 [1] '종이' 지정 경로 자율주행 시작 (5단계)
[2026-08-20 20:21:37] [SYSTEM_STOP] 프로그램 정상 종료
[2026-08-20 20:23:37] [SYSTEM_START] AI 쓰레기 4종 인식 처음 집게 핀상태 6초 대기 ➔ 6초후 집게 오므림 ➔ 자율이동 (v6.7)
[2026-08-20 20:24:01] [CAPTURE_SAVED] 이미지 자동 캡처 파티셔닝 저장: 20260820_202401_종이팩.jpg
[2026-08-20 20:24:01] [SORTING_START] 6초 대기후 집게오므림 자율운반 시퀀스 시작: '종이팩' (신뢰도: 0.93)
[2026-08-20 20:24:09] [AUTONOMOUS_NAV] 슬롯 [2] '종이팩' 지정 경로 자율주행 시작 (5단계)
[2026-08-20 20:24:11] [SYSTEM_STOP] 프로그램 정상 종료
[2026-08-20 20:33:02] [SYSTEM_START] AI 쓰레기 4종 6초 인식 확신 대기 ➔ 집게 오므림 ➔ 자율이동 (v6.8)
[2026-08-20 20:33:48] [CAPTURE_SAVED] 이미지 자동 캡처 파티셔닝 저장: 20260820_203348_캔.jpg
[2026-08-20 20:33:48] [SORTING_START] 6초 확신확정 자율운반 시퀀스 시작: '캔' (신뢰도: 0.91)
[2026-08-20 20:33:49] [AUTONOMOUS_NAV] 슬롯 [4] '캔' 지정 경로 자율주행 시작 (7단계)
[2026-08-20 20:34:36] [SORTING_COMPLETE] 분리배출 및 시작위치 복귀 완료: [4번 캔]
[2026-08-20 20:34:42] [CAPTURE_SAVED] 이미지 자동 캡처 파티셔닝 저장: 20260820_203442_종이.jpg
[2026-08-20 20:34:42] [SORTING_START] 6초 확신확정 자율운반 시퀀스 시작: '종이' (신뢰도: 0.91)
[2026-08-20 20:34:43] [AUTONOMOUS_NAV] 슬롯 [1] '종이' 지정 경로 자율주행 시작 (5단계)
[2026-08-20 20:35:18] [SORTING_COMPLETE] 분리배출 및 시작위치 복귀 완료: [1번 종이]
[2026-08-20 20:35:23] [SYSTEM_STOP] 프로그램 정상 종료
[2026-08-20 20:36:19] [SYSTEM_START] AI 쓰레기 4종 빠른 인식 & 집게 동작 시간 보장 에디션 (v6.9)
[2026-08-20 20:36:57] [WAYPOINT_SAVED] 슬롯 [1] '종이' 위치 저장 완료 (5단계 오차보정) | {"partition": "C:\\Users\\User\\Desktop\\hamster\\routes\\20260820\\1_종이.json"}
[2026-08-20 20:37:40] [WAYPOINT_SAVED] 슬롯 [2] '종이팩' 위치 저장 완료 (6단계 오차보정) | {"partition": "C:\\Users\\User\\Desktop\\hamster\\routes\\20260820\\2_종이팩.json"}
[2026-08-20 20:38:34] [WAYPOINT_SAVED] 슬롯 [3] '플라스틱/페트병' 위치 저장 완료 (7단계 오차보정) | {"partition": "C:\\Users\\User\\Desktop\\hamster\\routes\\20260820\\3_플라스틱_페트병.json"}
[2026-08-20 20:39:33] [WAYPOINT_SAVED] 슬롯 [3] '플라스틱/페트병' 위치 저장 완료 (5단계 오차보정) | {"partition": "C:\\Users\\User\\Desktop\\hamster\\routes\\20260820\\3_플라스틱_페트병.json"}
[2026-08-20 20:40:30] [WAYPOINT_SAVED] 슬롯 [4] '캔' 위치 저장 완료 (5단계 오차보정) | {"partition": "C:\\Users\\User\\Desktop\\hamster\\routes\\20260820\\4_캔.json"}
[2026-08-20 20:41:20] [CAPTURE_SAVED] 이미지 자동 캡처 파티셔닝 저장: 20260820_204120_캔.jpg
[2026-08-20 20:41:20] [SORTING_START] 빠른 AI 인식 집게운반 시퀀스 시작: '캔' (신뢰도: 0.98)
[2026-08-20 20:41:22] [AUTONOMOUS_NAV] 슬롯 [4] '캔' 지정 경로 자율주행 시작 (5단계)
[2026-08-20 20:42:05] [SORTING_COMPLETE] 분리배출 및 시작위치 복귀 완료: [4번 캔]
[2026-08-20 20:42:06] [CAPTURE_SAVED] 이미지 자동 캡처 파티셔닝 저장: 20260820_204206_종이.jpg
[2026-08-20 20:42:06] [SORTING_START] 빠른 AI 인식 집게운반 시퀀스 시작: '종이' (신뢰도: 0.93)
[2026-08-20 20:42:08] [AUTONOMOUS_NAV] 슬롯 [1] '종이' 지정 경로 자율주행 시작 (5단계)
[2026-08-20 20:42:11] [SYSTEM_STOP] 프로그램 정상 종료
[2026-08-20 20:48:06] [SYSTEM_START] AI 쓰레기 4종 감지 ➔ 집게펼침 6초 거치대기 ➔ 집게오므림 ➔ 자율이동 (v7.0)
[2026-08-20 20:49:13] [CAPTURE_SAVED] 이미지 자동 캡처 파티셔닝 저장: 20260820_204913_종이팩.jpg
[2026-08-20 20:49:13] [SORTING_START] 6초 쓰레기거치대기 수거 시퀀스 시작: '종이팩' (신뢰도: 0.90)
[2026-08-20 20:49:23] [AUTONOMOUS_NAV] 슬롯 [2] '종이팩' 지정 경로 자율주행 시작 (6단계)
[2026-08-20 20:49:56] [SORTING_COMPLETE] 분리배출 및 시작위치 복귀 완료: [2번 종이팩]
[2026-08-20 20:49:56] [CAPTURE_SAVED] 이미지 자동 캡처 파티셔닝 저장: 20260820_204956_종이.jpg
[2026-08-20 20:49:56] [SORTING_START] 6초 쓰레기거치대기 수거 시퀀스 시작: '종이' (신뢰도: 0.94)
[2026-08-20 20:50:06] [AUTONOMOUS_NAV] 슬롯 [1] '종이' 지정 경로 자율주행 시작 (5단계)
[2026-08-20 20:50:28] [SYSTEM_STOP] 프로그램 정상 종료
[2026-08-20 21:13:04] [SYSTEM_START] AI 쓰레기 감지 ➔ 바로주행X ➔ 집게열고 4초대기 ➔ 집게닫고 주행 (v7.1)
[2026-08-20 21:14:22] [CAPTURE_SAVED] 이미지 자동 캡처 파티셔닝 저장: 20260820_211422_종이.jpg
[2026-08-20 21:14:22] [SORTING_START] 4초 집게열림 거치대기 수거 시퀀스 시작: '종이' (신뢰도: 0.96)
[2026-08-20 21:14:29] [AUTONOMOUS_NAV] 슬롯 [1] '종이' 지정 경로 자율주행 시작 (5단계)
[2026-08-20 21:14:37] [SYSTEM_STOP] 프로그램 정상 종료
[2026-08-20 21:25:01] [SYSTEM_START] AI 쓰레기 4프레임 연속 분석 ➔ 집게열고 4초 대기 ➔ 집게닫고 주행 (v7.2)
[2026-08-20 21:25:30] [CAPTURE_SAVED] 이미지 자동 캡처 파티셔닝 저장: 20260820_212530_종이팩.jpg
[2026-08-20 21:25:30] [SORTING_START] 4프레임분석 4초대기 수거 시퀀스 시작: '종이팩' (신뢰도: 0.84)
[2026-08-20 21:25:38] [AUTONOMOUS_NAV] 슬롯 [2] '종이팩' 지정 경로 자율주행 시작 (6단계)
[2026-08-20 21:25:56] [SYSTEM_STOP] 프로그램 정상 종료
[2026-08-20 21:28:01] [SYSTEM_START] AI 쓰레기 6프레임 연속 분석 ➔ 집게열고 4초 대기 ➔ 집게닫고 주행 (v7.3)
[2026-08-20 21:28:27] [CAPTURE_SAVED] 이미지 자동 캡처 파티셔닝 저장: 20260820_212827_캔.jpg
[2026-08-20 21:28:27] [SORTING_START] 6프레임분석 4초대기 수거 시퀀스 시작: '캔' (신뢰도: 0.91)
[2026-08-20 21:28:35] [AUTONOMOUS_NAV] 슬롯 [4] '캔' 지정 경로 자율주행 시작 (5단계)
[2026-08-20 21:29:03] [SYSTEM_STOP] 프로그램 정상 종료
[2026-08-20 21:30:15] [SYSTEM_START] AI 쓰레기 6프레임 연속 분석 ➔ 집게열고 4초 대기 ➔ 집게닫고 주행 (v7.3)
[2026-08-20 21:31:17] [CAPTURE_SAVED] 이미지 자동 캡처 파티셔닝 저장: 20260820_213117_캔.jpg
[2026-08-20 21:31:17] [SORTING_START] 6프레임분석 4초대기 수거 시퀀스 시작: '캔' (신뢰도: 0.91)
[2026-08-20 21:31:25] [AUTONOMOUS_NAV] 슬롯 [4] '캔' 지정 경로 자율주행 시작 (5단계)
[2026-08-20 21:32:08] [SORTING_COMPLETE] 분리배출 및 시작위치 복귀 완료: [4번 캔]
[2026-08-20 21:32:08] [CAPTURE_SAVED] 이미지 자동 캡처 파티셔닝 저장: 20260820_213208_종이.jpg
[2026-08-20 21:32:08] [SORTING_START] 6프레임분석 4초대기 수거 시퀀스 시작: '종이' (신뢰도: 0.95)
[2026-08-20 21:32:09] [SYSTEM_STOP] 프로그램 정상 종료
[2026-08-20 21:35:02] [SYSTEM_START] AI 쓰레기 6프레임 연속 분석 ➔ 집게열고 4초 대기 ➔ 집게닫고 주행 (v7.3)
[2026-08-20 21:35:42] [CAPTURE_SAVED] 이미지 자동 캡처 파티셔닝 저장: 20260820_213542_종이팩.jpg
[2026-08-20 21:35:42] [SORTING_START] 6프레임분석 4초대기 수거 시퀀스 시작: '종이팩' (신뢰도: 0.87)
[2026-08-20 21:35:50] [SYSTEM_STOP] 프로그램 정상 종료
[2026-08-20 21:35:53] [SYSTEM_START] AI 쓰레기 6프레임 연속 분석 ➔ 집게열고 4초 대기 ➔ 집게닫고 주행 (v7.3)
[2026-08-20 21:36:51] [CAPTURE_SAVED] 이미지 자동 캡처 파티셔닝 저장: 20260820_213651_종이팩.jpg
[2026-08-20 21:36:51] [SORTING_START] 6프레임분석 4초대기 수거 시퀀스 시작: '종이팩' (신뢰도: 0.90)
[2026-08-20 21:36:59] [AUTONOMOUS_NAV] 슬롯 [2] '종이팩' 지정 경로 자율주행 시작 (6단계)
[2026-08-20 21:37:32] [SORTING_COMPLETE] 분리배출 및 시작위치 복귀 완료: [2번 종이팩]
[2026-08-20 21:37:50] [CAPTURE_SAVED] 이미지 자동 캡처 파티셔닝 저장: 20260820_213750_종이팩.jpg
[2026-08-20 21:37:50] [SORTING_START] 6프레임분석 4초대기 수거 시퀀스 시작: '종이팩' (신뢰도: 0.90)
[2026-08-20 21:37:58] [AUTONOMOUS_NAV] 슬롯 [2] '종이팩' 지정 경로 자율주행 시작 (6단계)
[2026-08-20 21:38:07] [SYSTEM_STOP] 프로그램 정상 종료
[2026-08-20 21:38:26] [SYSTEM_START] AI 쓰레기 6프레임 연속 분석 ➔ 집게열고 4초 대기 ➔ 집게닫고 주행 (v7.3)
[2026-08-20 21:39:51] [CAPTURE_SAVED] 이미지 자동 캡처 파티셔닝 저장: 20260820_213951_종이팩.jpg
[2026-08-20 21:39:51] [SORTING_START] 6프레임분석 4초대기 수거 시퀀스 시작: '종이팩' (신뢰도: 0.85)
[2026-08-20 21:39:58] [AUTONOMOUS_NAV] 슬롯 [2] '종이팩' 지정 경로 자율주행 시작 (6단계)
[2026-08-20 21:40:30] [SYSTEM_STOP] 프로그램 정상 종료
[2026-08-20 21:41:36] [SYSTEM_START] AI 쓰레기 6프레임 연속 분석 ➔ 집게열고 4초 대기 ➔ 집게닫고 주행 (v7.3)
[2026-08-20 21:42:07] [CAPTURE_SAVED] 이미지 자동 캡처 파티셔닝 저장: 20260820_214207_종이팩.jpg
[2026-08-20 21:42:07] [SORTING_START] 6프레임분석 4초대기 수거 시퀀스 시작: '종이팩' (신뢰도: 0.85)
[2026-08-20 21:42:15] [AUTONOMOUS_NAV] 슬롯 [2] '종이팩' 지정 경로 자율주행 시작 (6단계)
[2026-08-20 21:42:48] [SORTING_COMPLETE] 분리배출 및 시작위치 복귀 완료: [2번 종이팩]
[2026-08-20 21:42:48] [CAPTURE_SAVED] 이미지 자동 캡처 파티셔닝 저장: 20260820_214248_종이.jpg
[2026-08-20 21:42:48] [SORTING_START] 6프레임분석 4초대기 수거 시퀀스 시작: '종이' (신뢰도: 0.86)
[2026-08-20 21:42:54] [SYSTEM_STOP] 프로그램 정상 종료
[2026-08-20 21:43:01] [SYSTEM_START] AI 쓰레기 6프레임 연속 분석 ➔ 집게열고 4초 대기 ➔ 집게닫고 주행 (v7.3)
[2026-08-20 21:43:35] [CAPTURE_SAVED] 이미지 자동 캡처 파티셔닝 저장: 20260820_214335_종이팩.jpg
[2026-08-20 21:43:35] [SORTING_START] 6프레임분석 4초대기 수거 시퀀스 시작: '종이팩' (신뢰도: 0.90)
[2026-08-20 21:43:43] [AUTONOMOUS_NAV] 슬롯 [2] '종이팩' 지정 경로 자율주행 시작 (6단계)
[2026-08-20 21:44:10] [SYSTEM_STOP] 프로그램 정상 종료
[2026-08-20 21:45:01] [SYSTEM_START] AI 쓰레기 6프레임 연속 분석 ➔ 집게열고 4초 대기 ➔ 집게닫고 주행 (v7.3)
[2026-08-20 21:45:36] [CAPTURE_SAVED] 이미지 자동 캡처 파티셔닝 저장: 20260820_214536_종이.jpg
[2026-08-20 21:45:36] [SORTING_START] 6프레임분석 4초대기 수거 시퀀스 시작: '종이' (신뢰도: 0.93)
[2026-08-20 21:45:42] [SYSTEM_STOP] 프로그램 정상 종료
[2026-08-20 21:45:47] [SYSTEM_START] AI 쓰레기 6프레임 연속 분석 ➔ 집게열고 4초 대기 ➔ 집게닫고 주행 (v7.3)
[2026-08-20 21:46:16] [CAPTURE_SAVED] 이미지 자동 캡처 파티셔닝 저장: 20260820_214616_종이팩.jpg
[2026-08-20 21:46:16] [SORTING_START] 6프레임분석 4초대기 수거 시퀀스 시작: '종이팩' (신뢰도: 0.99)
[2026-08-20 21:46:23] [AUTONOMOUS_NAV] 슬롯 [2] '종이팩' 지정 경로 자율주행 시작 (6단계)
[2026-08-20 21:46:56] [SYSTEM_STOP] 프로그램 정상 종료
[2026-08-20 21:48:18] [SYSTEM_START] AI 쓰레기 6프레임 연속 분석 ➔ 집게열고 4초 대기 ➔ 집게닫고 주행 (v7.3)
[2026-08-20 21:49:00] [CAPTURE_SAVED] 이미지 자동 캡처 파티셔닝 저장: 20260820_214900_종이팩.jpg
[2026-08-20 21:49:00] [SORTING_START] 6프레임분석 4초대기 수거 시퀀스 시작: '종이팩' (신뢰도: 0.89)
[2026-08-20 21:49:08] [AUTONOMOUS_NAV] 슬롯 [2] '종이팩' 지정 경로 자율주행 시작 (6단계)
[2026-08-20 21:49:41] [SORTING_COMPLETE] 분리배출 및 시작위치 복귀 완료: [2번 종이팩]
[2026-08-20 21:49:42] [CAPTURE_SAVED] 이미지 자동 캡처 파티셔닝 저장: 20260820_214942_종이.jpg
[2026-08-20 21:49:42] [SORTING_START] 6프레임분석 4초대기 수거 시퀀스 시작: '종이' (신뢰도: 0.93)
[2026-08-20 21:49:44] [SYSTEM_STOP] 프로그램 정상 종료
[2026-08-20 21:53:00] [SYSTEM_START] AI 쓰레기 6프레임 연속 분석 ➔ 집게열고 4초 대기 ➔ 집게닫고 주행 (v7.3)
[2026-08-20 21:54:20] [CAPTURE_SAVED] 이미지 자동 캡처 파티셔닝 저장: 20260820_215420_종이.jpg
[2026-08-20 21:54:20] [SORTING_START] 6프레임분석 4초대기 수거 시퀀스 시작: '종이' (신뢰도: 0.81)
[2026-08-20 21:54:27] [AUTONOMOUS_NAV] 슬롯 [1] '종이' 지정 경로 자율주행 시작 (5단계)
[2026-08-20 21:54:59] [SORTING_COMPLETE] 분리배출 및 시작위치 복귀 완료: [1번 종이]
[2026-08-20 21:54:59] [CAPTURE_SAVED] 이미지 자동 캡처 파티셔닝 저장: 20260820_215459_종이.jpg
[2026-08-20 21:54:59] [SORTING_START] 6프레임분석 4초대기 수거 시퀀스 시작: '종이' (신뢰도: 0.86)
[2026-08-20 21:55:07] [AUTONOMOUS_NAV] 슬롯 [1] '종이' 지정 경로 자율주행 시작 (5단계)
[2026-08-20 21:55:38] [SORTING_COMPLETE] 분리배출 및 시작위치 복귀 완료: [1번 종이]
[2026-08-20 21:55:38] [CAPTURE_SAVED] 이미지 자동 캡처 파티셔닝 저장: 20260820_215538_종이.jpg
[2026-08-20 21:55:38] [SORTING_START] 6프레임분석 4초대기 수거 시퀀스 시작: '종이' (신뢰도: 0.89)
[2026-08-20 21:55:42] [SYSTEM_STOP] 프로그램 정상 종료
[2026-08-20 21:56:04] [SYSTEM_START] AI 쓰레기 6프레임 연속 분석 ➔ 집게열고 4초 대기 ➔ 집게닫고 주행 (v7.3)
[2026-08-20 21:56:32] [CAPTURE_SAVED] 이미지 자동 캡처 파티셔닝 저장: 20260820_215632_플라스틱_페트병.jpg
[2026-08-20 21:56:32] [SORTING_START] 6프레임분석 4초대기 수거 시퀀스 시작: '플라스틱/페트병' (신뢰도: 0.85)
[2026-08-20 21:56:39] [AUTONOMOUS_NAV] 슬롯 [3] '플라스틱/페트병' 지정 경로 자율주행 시작 (5단계)
[2026-08-20 21:57:23] [SORTING_COMPLETE] 분리배출 및 시작위치 복귀 완료: [3번 플라스틱/페트병]
[2026-08-20 21:57:24] [CAPTURE_SAVED] 이미지 자동 캡처 파티셔닝 저장: 20260820_215724_종이.jpg
[2026-08-20 21:57:24] [SORTING_START] 6프레임분석 4초대기 수거 시퀀스 시작: '종이' (신뢰도: 0.97)
[2026-08-20 21:57:29] [SYSTEM_STOP] 프로그램 정상 종료
[2026-08-20 21:58:08] [SYSTEM_START] AI 쓰레기 6프레임 연속 분석 ➔ 집게열고 4초 대기 ➔ 집게닫고 주행 (v7.3)
[2026-08-20 21:58:55] [CAPTURE_SAVED] 이미지 자동 캡처 파티셔닝 저장: 20260820_215855_종이팩.jpg
[2026-08-20 21:58:55] [SORTING_START] 6프레임분석 4초대기 수거 시퀀스 시작: '종이팩' (신뢰도: 0.90)
[2026-08-20 21:59:02] [AUTONOMOUS_NAV] 슬롯 [2] '종이팩' 지정 경로 자율주행 시작 (6단계)
[2026-08-20 21:59:35] [SORTING_COMPLETE] 분리배출 및 시작위치 복귀 완료: [2번 종이팩]
[2026-08-20 21:59:36] [CAPTURE_SAVED] 이미지 자동 캡처 파티셔닝 저장: 20260820_215936_종이.jpg
[2026-08-20 21:59:36] [SORTING_START] 6프레임분석 4초대기 수거 시퀀스 시작: '종이' (신뢰도: 0.90)
[2026-08-20 21:59:41] [SYSTEM_STOP] 프로그램 정상 종료
[2026-08-20 21:59:45] [SYSTEM_START] AI 쓰레기 6프레임 연속 분석 ➔ 집게열고 4초 대기 ➔ 집게닫고 주행 (v7.3)
[2026-08-20 22:00:48] [CAPTURE_SAVED] 이미지 자동 캡처 파티셔닝 저장: 20260820_220048_플라스틱_페트병.jpg
[2026-08-20 22:00:48] [SORTING_START] 6프레임분석 4초대기 수거 시퀀스 시작: '플라스틱/페트병' (신뢰도: 0.82)
[2026-08-20 22:00:56] [AUTONOMOUS_NAV] 슬롯 [3] '플라스틱/페트병' 지정 경로 자율주행 시작 (5단계)
[2026-08-20 22:02:10] [SYSTEM_STOP] 프로그램 정상 종료
[2026-08-20 22:14:53] [SYSTEM_START] AI 쓰레기 6프레임 연속 분석 ➔ 집게열고 4초 대기 ➔ 집게닫고 주행 (v7.3)
[2026-08-20 22:15:42] [CAPTURE_SAVED] 이미지 자동 캡처 파티셔닝 저장: 20260820_221542_종이.jpg
[2026-08-20 22:15:42] [SORTING_START] 6프레임분석 4초대기 수거 시퀀스 시작: '종이' (신뢰도: 0.89)
[2026-08-20 22:15:48] [SYSTEM_STOP] 프로그램 정상 종료
